[backblue.gif]
[fade.gif]
[index.html]
[apexmedicaloman.com/wp-json/oembed/1.0/embed49b7.json]
[apexmedicaloman.com/feed/index.html]
[apexmedicaloman.com/wp-json/oembed/1.0/embed47e0]
[apexmedicaloman.com/wp-includes/js/jquery/jquery.minf43b.js]
[apexmedicaloman.com/wp-includes/js/jquery/jquery-migrate.min5589.js]
[apexmedicaloman.com/wp-content/plugins/photo-gallery/booster/assets/js/circle-progress8d1e.js]
[apexmedicaloman.com/wp-content/plugins/photo-gallery/booster/assets/js/global8a54.js]
[apexmedicaloman.com/wp-content/themes/astra/assets/js/minified/flexibility.min5690.js]
[apexmedicaloman.com/wp-content/plugins/photo-gallery/js/jquery.sumoselect.min9bf7.js]
[apexmedicaloman.com/wp-content/plugins/photo-gallery/js/tocca.minffdc.js]
[apexmedicaloman.com/wp-content/plugins/photo-gallery/js/jquery.mCustomScrollbar.concat.minc6bd.js]
[apexmedicaloman.com/wp-content/plugins/photo-gallery/js/jquery.fullscreen.mina307.js]
[apexmedicaloman.com/wp-content/plugins/photo-gallery/js/scripts.min466d.js]
[apexmedicaloman.com/wp-json/index.html]
[apexmedicaloman.com/wp-json/wp/v2/pages/4537.json]
[apexmedicaloman.com/wp-content/uploads/2026/06/Apex_Log.png]
[apexmedicaloman.com/wp-content/uploads/2026/02/apex_logo-apexmedicaloman_white-txt.png]
[apexmedicaloman.com/wp-content/uploads/2026/04/HOME_ABOUT_US.png]
[apexmedicaloman.com/wp-content/uploads/2026/07/Belal-Haj-Hamed-apexmedicaloman.jpg]
[apexmedicaloman.com/wp-content/uploads/2026/07/Hosam-Al-Din-Habel-apexmedicaloman.jpg]
[apexmedicaloman.com/wp-content/uploads/2026/07/Dr-Bharti-Khanna_apexmedicaloman.jpg]
[apexmedicaloman.com/wp-content/uploads/2026/07/Marwa-jbara-apexmedicaloman.jpg]
[apexmedicaloman.com/wp-content/uploads/2026/07/Specialist-Endodontist-Anil-Dalal-apexmedicaloman.jpg]
[apexmedicaloman.com/wp-content/uploads/2026/07/Thura-Hatem-Mahmood-Alquaizi-apexmedicaloman.jpg]
[apexmedicaloman.com/wp-content/uploads/2026/07/Laser-Technician-apexmedicaloman.jpg]
[apexmedicaloman.com/wp-content/uploads/2026/07/Alaa-apexmedicaloman.jpg]
[apexmedicaloman.com/wp-content/uploads/2026/03/phone-icon.png]
[apexmedicaloman.com/wp-content/uploads/2026/02/apex_logo_apex_medical_oman_logo.png]
[apexmedicaloman.com/wp-content/plugins/wa-sticky-button/assets/default.png]
[apexmedicaloman.com/wp-content/themes/astra/assets/js/minified/frontend.min5690.js]
[apexmedicaloman.com/wp-content/plugins/elementskit-lite/widgets/init/assets/js/widget-scripts2e46.js]
[apexmedicaloman.com/wp-content/plugins/float-menu/public/assets/js/floatMenu.mine374.js]
[apexmedicaloman.com/wp-content/plugins/elementor/assets/js/webpack.runtime.min05da.js]
[apexmedicaloman.com/wp-content/plugins/elementor/assets/js/frontend-modules.min05da.js]
[apexmedicaloman.com/wp-includes/js/jquery/ui/core.minb37e.js]
[apexmedicaloman.com/wp-content/plugins/elementor/assets/js/frontend.min05da.js]
[apexmedicaloman.com/wp-content/plugins/gtranslate/js/dwfb12b.js]
[apexmedicaloman.com/wp-content/plugins/jetsticky-for-elementor/assets/js/lib/ResizeSensor.min7d4c.js]
[apexmedicaloman.com/wp-content/plugins/jetsticky-for-elementor/assets/js/lib/sticky-sidebar/sticky-sidebar.min3d36.js]
[apexmedicaloman.com/wp-content/plugins/jetsticky-for-elementor/assets/js/lib/jsticky/jquery.jstickyf488.js]
[apexmedicaloman.com/wp-content/plugins/jetsticky-for-elementor/assets/js/jet-sticky-frontend4b68.js]
[apexmedicaloman.com/wp-content/plugins/elementskit-lite/widgets/init/assets/js/elementor2e46.js]
[apexmedicaloman.com/index.html]
[apexmedicaloman.com/wp-content/plugins/photo-gallery/booster/assets/css/global8a54.css]
[apexmedicaloman.com/wp-content/plugins/elementor/assets/css/frontend.min05da.css]
[apexmedicaloman.com/wp-content/uploads/elementor/css/post-738cf70.css]
[apexmedicaloman.com/wp-content/uploads/2026/03/x-ray.jpg]
[apexmedicaloman.com/wp-content/uploads/elementor/css/post-1863cf70.css]
[apexmedicaloman.com/wp-content/themes/astra/assets/css/minified/main.min5690.css]
[apexmedicaloman.com/wp-content/plugins/float-menu/public/assets/css/style.mine374.css]
[apexmedicaloman.com/wp-content/plugins/float-menu/vendors/fontawesome/css/all.min4d6f.css]
[apexmedicaloman.com/wp-content/plugins/photo-gallery/css/bwg-fonts/fonts/bwg8f95.eot]
[apexmedicaloman.com/wp-content/plugins/photo-gallery/css/bwg-fonts/fonts/bwg8f95.ttf]
[apexmedicaloman.com/wp-content/plugins/photo-gallery/css/bwg-fonts/fonts/bwg8f95.woff]
[apexmedicaloman.com/wp-content/plugins/photo-gallery/css/bwg-fonts/fonts622c.css]
[apexmedicaloman.com/wp-content/plugins/photo-gallery/css/sumoselect.min9bf7.css]
[apexmedicaloman.com/wp-content/plugins/photo-gallery/css/jquery.mCustomScrollbar.minc6bd.css]
[apexmedicaloman.com/wp-content/plugins/photo-gallery/images/ajax_loader.png]
[apexmedicaloman.com/wp-content/plugins/photo-gallery/images/blank.gif]
[apexmedicaloman.com/wp-content/plugins/photo-gallery/images/captcha_refresh.png]
[apexmedicaloman.com/wp-content/plugins/photo-gallery/css/styles.min466d.css]
[apexmedicaloman.com/wp-content/uploads/elementor/css/post-76df0.css]
[apexmedicaloman.com/wp-content/plugins/jetsticky-for-elementor/assets/css/jet-sticky-frontend4b68.css]
[apexmedicaloman.com/wp-content/plugins/elementor/assets/css/widget-spacer.min05da.css]
[apexmedicaloman.com/wp-content/plugins/elementor/assets/css/widget-heading.min05da.css]
[apexmedicaloman.com/wp-content/plugins/elementor/assets/css/widget-image.min05da.css]
[apexmedicaloman.com/wp-content/plugins/elementor/assets/css/widget-divider.min05da.css]
[apexmedicaloman.com/wp-content/plugins/elementor/assets/lib/swiper/v8/css/swiper.min94a4.css]
[apexmedicaloman.com/wp-content/plugins/elementor/assets/css/conditionals/shapes.min05da.css]
[apexmedicaloman.com/wp-content/uploads/2026/04/HOME-SECTION-2.jpg]
[apexmedicaloman.com/wp-content/uploads/2026/02/Apex_Medical_center_service_section.webp]
[apexmedicaloman.com/wp-content/uploads/2026/04/Why_img2.png]
[apexmedicaloman.com/wp-content/uploads/2026/04/plastic-surgery.jpg]
[apexmedicaloman.com/wp-content/uploads/2026/04/Weight.jpg]
[apexmedicaloman.com/wp-content/uploads/2026/04/laser_New.jpg]
[apexmedicaloman.com/wp-content/uploads/2026/04/gynec.jpg]
[apexmedicaloman.com/wp-content/uploads/2026/04/Our-Cosmetic-Dentistry-Services.jpg]
[apexmedicaloman.com/wp-content/uploads/2026/04/orthopedic.jpg]
[apexmedicaloman.com/wp-content/uploads/2026/04/SERVICE-4-1.jpg]
[apexmedicaloman.com/wp-content/uploads/2026/06/Orthodontics.jpg]
[apexmedicaloman.com/wp-content/uploads/2026/06/Endodontics.jpg]
[apexmedicaloman.com/wp-content/uploads/2026/06/Dental-Implants.jpg]
[apexmedicaloman.com/wp-content/uploads/2026/04/why_bg-New.png]
[apexmedicaloman.com/wp-content/uploads/2026/04/Why_img3.jpg]
[apexmedicaloman.com/wp-content/uploads/2026/04/Why_img1.jpg]
[apexmedicaloman.com/wp-content/uploads/2026/02/Apex_Medical_center_about_section.jpg]
[apexmedicaloman.com/wp-content/uploads/2026/03/bg1.jpg]
[apexmedicaloman.com/wp-content/uploads/2026/03/smile.jpg]
[apexmedicaloman.com/wp-content/uploads/2026/04/Faq2.jpg]
[apexmedicaloman.com/wp-content/uploads/2026/04/FAQ1.jpg]
[apexmedicaloman.com/wp-content/uploads/elementor/css/post-4537bbf2.css]
[apexmedicaloman.com/wp-content/plugins/elementskit-lite/widgets/init/assets/img/arrow.png]
[apexmedicaloman.com/wp-content/plugins/elementskit-lite/widgets/init/assets/img/sort_asc.png]
[apexmedicaloman.com/wp-content/plugins/elementskit-lite/widgets/init/assets/img/sort_desc.png]
[apexmedicaloman.com/wp-content/plugins/elementskit-lite/widgets/init/assets/img/sort_asc_disabled.png]
[apexmedicaloman.com/wp-content/plugins/elementskit-lite/widgets/init/assets/css/widget-styles2e46.css]
[apexmedicaloman.com/wp-content/plugins/elementskit-lite/widgets/init/assets/css/responsive2e46.css]
[apexmedicaloman.com/wp-content/plugins/elementskit-lite/modules/elementskit-icon-pack/assets/fonts/elementskitf60a.woff]
[apexmedicaloman.com/wp-content/plugins/elementskit-lite/modules/elementskit-icon-pack/assets/css/ekiticons2e46.css]
[apexmedicaloman.com/wp-json/oembed/1.0/embed11c2.json]
[apexmedicaloman.com/wp-json/oembed/1.0/embed4743]
[apexmedicaloman.com/wp-json/wp/v2/pages/2365.json]
[apexmedicaloman.com/about-us/index.html]
[apexmedicaloman.com/wp-json/oembed/1.0/embed8f03.json]
[apexmedicaloman.com/wp-json/oembed/1.0/embed364b]
[apexmedicaloman.com/wp-json/wp/v2/pages/4895.json]
[apexmedicaloman.com/dermatology-cosmetology/index.html]
[apexmedicaloman.com/wp-json/oembed/1.0/embed1690.json]
[apexmedicaloman.com/wp-json/oembed/1.0/embed57b1]
[apexmedicaloman.com/wp-json/wp/v2/pages/4980.json]
[apexmedicaloman.com/plastic-surgery/index.html]
[apexmedicaloman.com/wp-json/oembed/1.0/embed0dd8.json]
[apexmedicaloman.com/wp-json/oembed/1.0/embed6673]
[apexmedicaloman.com/wp-json/wp/v2/pages/5007.json]
[apexmedicaloman.com/weight-management/index.html]
[apexmedicaloman.com/wp-json/oembed/1.0/embeda408.json]
[apexmedicaloman.com/wp-json/oembed/1.0/embed54d9]
[apexmedicaloman.com/wp-json/wp/v2/pages/5458.json]
[apexmedicaloman.com/medical-weight-loss-injections/index.html]
[apexmedicaloman.com/wp-json/oembed/1.0/embed4cdc.json]
[apexmedicaloman.com/wp-json/oembed/1.0/embed556c]
[apexmedicaloman.com/wp-json/wp/v2/pages/5459.json]
[apexmedicaloman.com/gastric-balloon/index.html]
[apexmedicaloman.com/wp-json/oembed/1.0/embed1040.json]
[apexmedicaloman.com/wp-json/oembed/1.0/embed664e]
[apexmedicaloman.com/wp-json/wp/v2/pages/5487.json]
[apexmedicaloman.com/gastric-sleeve-surgery/index.html]
[apexmedicaloman.com/wp-json/oembed/1.0/embed2252.json]
[apexmedicaloman.com/wp-json/oembed/1.0/embed8b47]
[apexmedicaloman.com/wp-json/wp/v2/pages/5456.json]
[apexmedicaloman.com/gastric-bypass-surgery/index.html]
[apexmedicaloman.com/wp-json/oembed/1.0/embedc3f3.json]
[apexmedicaloman.com/wp-json/oembed/1.0/embed6f30]
[apexmedicaloman.com/wp-json/wp/v2/pages/5012.json]
[apexmedicaloman.com/skin-care-laser-treatments/index.html]
[apexmedicaloman.com/wp-json/oembed/1.0/embed0c66.json]
[apexmedicaloman.com/wp-json/oembed/1.0/embed0e52]
[apexmedicaloman.com/wp-json/wp/v2/pages/5041.json]
[apexmedicaloman.com/aesthetic-gynecology/index.html]
[apexmedicaloman.com/wp-json/oembed/1.0/embed87bd.json]
[apexmedicaloman.com/wp-json/oembed/1.0/embedc869]
[apexmedicaloman.com/wp-json/wp/v2/pages/5040.json]
[apexmedicaloman.com/cosmetic-dentistry-2/index.html]
[apexmedicaloman.com/wp-json/oembed/1.0/embed3815.json]
[apexmedicaloman.com/wp-json/oembed/1.0/embedb6fe]
[apexmedicaloman.com/wp-json/wp/v2/pages/5055.json]
[apexmedicaloman.com/orthopedic-surgery/index.html]
[apexmedicaloman.com/wp-json/oembed/1.0/embed9ed4.json]
[apexmedicaloman.com/wp-json/oembed/1.0/embeda5b3]
[apexmedicaloman.com/wp-json/wp/v2/pages/5375.json]
[apexmedicaloman.com/cosmetic-dentistry-3/index.html]
[apexmedicaloman.com/wp-json/oembed/1.0/embedf6b5.json]
[apexmedicaloman.com/wp-json/oembed/1.0/embed064f]
[apexmedicaloman.com/wp-json/wp/v2/pages/5401.json]
[apexmedicaloman.com/elementor-page-5401/index.html]
[apexmedicaloman.com/wp-json/oembed/1.0/embedfb82.json]
[apexmedicaloman.com/wp-json/oembed/1.0/embedaa49]
[apexmedicaloman.com/wp-json/wp/v2/pages/5419.json]
[apexmedicaloman.com/endodontics/index.html]
[apexmedicaloman.com/wp-json/oembed/1.0/embedee58.json]
[apexmedicaloman.com/wp-json/oembed/1.0/embed4042]
[apexmedicaloman.com/wp-json/wp/v2/pages/5427.json]
[apexmedicaloman.com/dental-implants/index.html]
[apexmedicaloman.com/wp-json/oembed/1.0/embed1987.json]
[apexmedicaloman.com/wp-json/oembed/1.0/embed68b6]
[apexmedicaloman.com/wp-json/wp/v2/pages/3302.json]
[apexmedicaloman.com/dr-belal-haj-hamed/index.html]
[apexmedicaloman.com/wp-json/oembed/1.0/embed4afa.json]
[apexmedicaloman.com/wp-json/oembed/1.0/embede7f5]
[apexmedicaloman.com/wp-json/wp/v2/pages/4534.json]
[apexmedicaloman.com/dr-hosam/index.html]
[apexmedicaloman.com/wp-json/oembed/1.0/embed8a6a.json]
[apexmedicaloman.com/wp-json/oembed/1.0/embed6461]
[apexmedicaloman.com/wp-json/wp/v2/pages/4494.json]
[apexmedicaloman.com/dr-bharti-khanna/index.html]
[apexmedicaloman.com/wp-json/oembed/1.0/embed72e4.json]
[apexmedicaloman.com/wp-json/oembed/1.0/embed504e]
[apexmedicaloman.com/wp-json/wp/v2/pages/4513.json]
[apexmedicaloman.com/dr-marwa-jbara/index.html]
[apexmedicaloman.com/wp-json/oembed/1.0/embedcbfa.json]
[apexmedicaloman.com/wp-json/oembed/1.0/embede3ed]
[apexmedicaloman.com/wp-json/wp/v2/pages/3638.json]
[apexmedicaloman.com/dr-anil-dalal/index.html]
[apexmedicaloman.com/wp-json/oembed/1.0/embed80e1.json]
[apexmedicaloman.com/wp-json/oembed/1.0/embed6446]
[apexmedicaloman.com/wp-json/wp/v2/pages/3599.json]
[apexmedicaloman.com/wp-content/uploads/2026/07/NO-IMAGE.jpg]
[apexmedicaloman.com/dr-zainab-al-mamari/index.html]
[apexmedicaloman.com/wp-json/oembed/1.0/embedc13c.json]
[apexmedicaloman.com/wp-json/oembed/1.0/embed4c07]
[apexmedicaloman.com/wp-json/wp/v2/pages/3543.json]
[apexmedicaloman.com/dr-thura-hatem-mahmood-alquaizi/index.html]
[apexmedicaloman.com/wp-json/oembed/1.0/embedd284.json]
[apexmedicaloman.com/wp-json/oembed/1.0/embed71d9]
[apexmedicaloman.com/wp-json/wp/v2/pages/4470.json]
[apexmedicaloman.com/alaa/index.html]
[apexmedicaloman.com/wp-json/oembed/1.0/embed93f4.json]
[apexmedicaloman.com/wp-json/oembed/1.0/embed95bb]
[apexmedicaloman.com/wp-json/wp/v2/pages/5879.json]
[apexmedicaloman.com/wp-content/uploads/2026/07/Aliaa-Aldara-apexmedicaloman.jpg]
[apexmedicaloman.com/aliaa-aldara/index.html]
[apexmedicaloman.com/wp-json/oembed/1.0/embede971.json]
[apexmedicaloman.com/wp-json/oembed/1.0/embed3ce7]
[apexmedicaloman.com/wp-json/wp/v2/pages/5895.json]
[apexmedicaloman.com/arij/index.html]
[apexmedicaloman.com/wp-json/oembed/1.0/embedd721.json]
[apexmedicaloman.com/wp-json/oembed/1.0/embed3753]
[apexmedicaloman.com/wp-json/wp/v2/pages/3024.json]
[apexmedicaloman.com/why-choose-us/index.html]
[apexmedicaloman.com/wp-json/oembed/1.0/embedaa29.json]
[apexmedicaloman.com/wp-json/oembed/1.0/embedff12]
[apexmedicaloman.com/wp-json/wp/v2/pages/3853.json]
[apexmedicaloman.com/gallery/index.html]
[apexmedicaloman.com/wp-json/oembed/1.0/embedf70e.json]
[apexmedicaloman.com/wp-json/oembed/1.0/embedd21d]
[apexmedicaloman.com/wp-json/wp/v2/pages/956.json]
[apexmedicaloman.com/contact-us/index.html]
[apexmedicaloman.com/dr-arij/index.html]
[apexmedicaloman.com/dr-alaa-2/index.html]
[apexmedicaloman.com/extremaatechnologies.com/index.html]
[apexmedicaloman.com/wp-content/plugins/photo-gallery/booster/assets/images/optimize.svg]
[apexmedicaloman.com/wp-content/plugins/photo-gallery/booster/assets/images/red-info.svg]
[apexmedicaloman.com/wp-content/plugins/photo-gallery/booster/assets/images/loader_green.svg]
[apexmedicaloman.com/wp-content/plugins/photo-gallery/booster/assets/images/logo_dark.svg]
[apexmedicaloman.com/wp-content/plugins/photo-gallery/booster/assets/images/pg.svg]
[apexmedicaloman.com/wp-content/plugins/photo-gallery/booster/assets/images/fm.svg]
[apexmedicaloman.com/wp-content/plugins/photo-gallery/booster/assets/images/closed_eye.svg]
[apexmedicaloman.com/wp-content/plugins/photo-gallery/booster/assets/images/not_optimized.svg]
[apexmedicaloman.com/wp-content/plugins/photo-gallery/booster/assets/images/check_score.svg]
[apexmedicaloman.com/wp-content/plugins/photo-gallery/booster/assets/images/loader.svg]
[apexmedicaloman.com/wp-content/plugins/photo-gallery/booster/assets/images/reload.svg]
[apexmedicaloman.com/wp-content/plugins/photo-gallery/booster/assets/images/green-info.svg]
[apexmedicaloman.com/wp-content/plugins/photo-gallery/booster/assets/images/up_arrow_nav.svg]
[apexmedicaloman.com/wp-content/plugins/photo-gallery/booster/assets/images/down_arrow_nav.svg]
[apexmedicaloman.com/wp-content/plugins/photo-gallery/css/bwg-fonts/fonts/bwg8f95.svg]
[apexmedicaloman.com/wp-content/plugins/elementskit-lite/widgets/init/assets/img/cross-out.svg]
[apexmedicaloman.com/wp-content/uploads/2026/04/head_bg.jpg]
[apexmedicaloman.com/wp-content/uploads/2026/04/APEX.png]
[apexmedicaloman.com/wp-content/uploads/elementor/css/post-2365a954.css]
[apexmedicaloman.com/indexd7ab.html]
[apexmedicaloman.com/about-us/extremaatechnologies.com/index.html]
[apexmedicaloman.com/wp-content/uploads/elementor/css/post-489565d7.css]
[apexmedicaloman.com/indexdb12.html]
[apexmedicaloman.com/dermatology-cosmetology/extremaatechnologies.com/index.html]
[apexmedicaloman.com/wp-content/uploads/elementor/css/post-498041f2.css]
[apexmedicaloman.com/index2c33.html]
[apexmedicaloman.com/plastic-surgery/extremaatechnologies.com/index.html]
[apexmedicaloman.com/wp-content/uploads/elementor/css/post-5007d35b.css]
[apexmedicaloman.com/index4ae1.html]
[apexmedicaloman.com/weight-management/extremaatechnologies.com/index.html]
[apexmedicaloman.com/wp-content/plugins/elementor/assets/css/widget-icon-list.min05da.css]
[apexmedicaloman.com/wp-content/uploads/2026/06/Weight_Injections.jpg]
[apexmedicaloman.com/wp-content/uploads/elementor/css/post-5458a012.css]
[apexmedicaloman.com/index6eb8.html]
[apexmedicaloman.com/medical-weight-loss-injections/extremaatechnologies.com/index.html]
[apexmedicaloman.com/wp-content/uploads/2026/06/1.jpg]
[apexmedicaloman.com/wp-content/uploads/elementor/css/post-54591b95.css]
[apexmedicaloman.com/index6546.html]
[apexmedicaloman.com/gastric-balloon/extremaatechnologies.com/index.html]
[apexmedicaloman.com/wp-content/uploads/elementor/css/post-5487e4a8.css]
[apexmedicaloman.com/index657a.html]
[apexmedicaloman.com/gastric-sleeve-surgery/extremaatechnologies.com/index.html]
[apexmedicaloman.com/wp-content/uploads/2026/06/Gastric-Bypass-Surgery.jpg]
[apexmedicaloman.com/wp-content/uploads/elementor/css/post-5456d4db.css]
[apexmedicaloman.com/index720c.html]
[apexmedicaloman.com/gastric-bypass-surgery/extremaatechnologies.com/index.html]
[apexmedicaloman.com/wp-content/uploads/elementor/css/post-50128e3a.css]
[apexmedicaloman.com/indexe389.html]
[apexmedicaloman.com/skin-care-laser-treatments/extremaatechnologies.com/index.html]
[apexmedicaloman.com/wp-content/uploads/elementor/css/post-50417562.css]
[apexmedicaloman.com/index4fe3.html]
[apexmedicaloman.com/aesthetic-gynecology/extremaatechnologies.com/index.html]
[apexmedicaloman.com/wp-content/uploads/elementor/css/post-5040b042.css]
[apexmedicaloman.com/index77dd.html]
[apexmedicaloman.com/cosmetic-dentistry-2/extremaatechnologies.com/index.html]
[apexmedicaloman.com/wp-content/uploads/elementor/css/post-5055a703.css]
[apexmedicaloman.com/index5ebe.html]
[apexmedicaloman.com/orthopedic-surgery/extremaatechnologies.com/index.html]
[apexmedicaloman.com/wp-content/uploads/2026/04/SERVICE-3-1.jpg]
[apexmedicaloman.com/wp-content/uploads/elementor/css/post-537528b0.css]
[apexmedicaloman.com/index1470.html]
[apexmedicaloman.com/cosmetic-dentistry-3/extremaatechnologies.com/index.html]
[apexmedicaloman.com/wp-content/uploads/elementor/css/post-54016bb4.css]
[apexmedicaloman.com/indexc77b.html]
[apexmedicaloman.com/elementor-page-5401/extremaatechnologies.com/index.html]
[apexmedicaloman.com/wp-content/uploads/2026/04/root-canal.jpg]
[apexmedicaloman.com/wp-content/uploads/elementor/css/post-54196df0.css]
[apexmedicaloman.com/index4c52.html]
[apexmedicaloman.com/endodontics/extremaatechnologies.com/index.html]
[apexmedicaloman.com/wp-content/uploads/elementor/css/post-54270187.css]
[apexmedicaloman.com/index1e80.html]
[apexmedicaloman.com/dental-implants/extremaatechnologies.com/index.html]
[apexmedicaloman.com/wp-content/uploads/elementor/css/post-3302ac31.css]
[apexmedicaloman.com/index8a86.html]
[apexmedicaloman.com/dr-belal-haj-hamed/extremaatechnologies.com/index.html]
[apexmedicaloman.com/wp-content/uploads/elementor/css/post-453417ae.css]
[apexmedicaloman.com/indexa3af.html]
[apexmedicaloman.com/dr-hosam/extremaatechnologies.com/index.html]
[apexmedicaloman.com/wp-content/uploads/elementor/css/post-4494d438.css]
[apexmedicaloman.com/index3c21.html]
[apexmedicaloman.com/dr-bharti-khanna/extremaatechnologies.com/index.html]
[apexmedicaloman.com/wp-content/uploads/elementor/css/post-4513cac3.css]
[apexmedicaloman.com/index8466.html]
[apexmedicaloman.com/dr-marwa-jbara/extremaatechnologies.com/index.html]
[apexmedicaloman.com/wp-content/uploads/elementor/css/post-36384cb9.css]
[apexmedicaloman.com/indexf344.html]
[apexmedicaloman.com/dr-anil-dalal/extremaatechnologies.com/index.html]
[apexmedicaloman.com/wp-content/uploads/elementor/css/post-359940d5.css]
[apexmedicaloman.com/indexe0fc.html]
[apexmedicaloman.com/dr-zainab-al-mamari/extremaatechnologies.com/index.html]
[apexmedicaloman.com/wp-content/uploads/elementor/css/post-3543a600.css]
[apexmedicaloman.com/indexef2f.html]
[apexmedicaloman.com/dr-thura-hatem-mahmood-alquaizi/extremaatechnologies.com/index.html]
[apexmedicaloman.com/wp-content/uploads/elementor/css/post-44703904.css]
[apexmedicaloman.com/index4c02.html]
[apexmedicaloman.com/alaa/extremaatechnologies.com/index.html]
[apexmedicaloman.com/wp-content/uploads/elementor/css/post-5879c41b.css]
[apexmedicaloman.com/index78b2.html]
[apexmedicaloman.com/aliaa-aldara/extremaatechnologies.com/index.html]
[apexmedicaloman.com/wp-content/uploads/elementor/css/post-5895ffca.css]
[apexmedicaloman.com/index7ea2.html]
[apexmedicaloman.com/arij/extremaatechnologies.com/index.html]
[apexmedicaloman.com/wp-content/uploads/2026/04/why_bg_New1.jpg]
[apexmedicaloman.com/wp-content/uploads/2026/04/why_bg_New2.jpg]
[apexmedicaloman.com/wp-content/uploads/elementor/css/post-302454e6.css]
[apexmedicaloman.com/index7b41.html]
[apexmedicaloman.com/why-choose-us/extremaatechnologies.com/index.html]
[apexmedicaloman.com/wp-content/uploads/2026/04/whychoose1.jpg]
[apexmedicaloman.com/wp-content/uploads/2026/03/WHY1.jpg]
[apexmedicaloman.com/wp-content/uploads/2026/04/COSMETIC.jpg]
[apexmedicaloman.com/wp-content/uploads/elementor/css/post-385348b5.css]
[apexmedicaloman.com/index26f5.html]
[apexmedicaloman.com/gallery/extremaatechnologies.com/index.html]
[apexmedicaloman.com/wp-content/uploads/2026/04/contactus.jpg]
[apexmedicaloman.com/wp-content/uploads/elementor/css/post-95668b9.css]
[apexmedicaloman.com/indexe947.html]
[apexmedicaloman.com/contact-us/extremaatechnologies.com/index.html]
